/usr/share/idiomind/addons/Podcasts/images/rrc.png|SEL|https://realrussianclub.com/feed/|<b>Real Russian club</b>|<small>Audio</small>
/usr/share/idiomind/addons/Podcasts/images/lrs.png|SEL|https://ochenporusski.com/feed/podcast/|<b>Очень по-русски</b>|<small>Audio. Intermediate and advanced </small>
/usr/share/idiomind/addons/Podcasts/images/rp.png|SEL|https://russianpodcast.eu/wa_files/russian_podcast.xml|<b>Russian Podcast</b>|<small>Audio</small>
/usr/share/idiomind/addons/Podcasts/images/edr.png|SEL|http://feeds.feedburner.com/everydayrussian|<b>Every day Russian</b>|<small>Audio</small>
/usr/share/idiomind/addons/Podcasts/images/asr.png|SEL|http://feeds.feedburner.com/ASpoonfulOfRussian|<b>A Spoonful Of Russian</b>|<small>Audio</small>
/usr/share/idiomind/addons/Podcasts/images/rp101.png|SEL|https://www.russianpod101.com/wp-feed-audio-video.php|<b>Russianpod101</b>|<small>Audio, Video</small>
/usr/share/idiomind/addons/Podcasts/images/sr.png|SEL|http://www.speakingruss-ru.1gb.ru/lesson11.xml|<b>Speaking Russian</b>|<small>Audio</small>
/usr/share/idiomind/addons/Podcasts/images/atr.png|SEL|http://tasteofrussian.com/rss|<b>Taste of Russian</b>|<small>Audio. Intermediate</small>
/usr/share/idiomind/addons/Podcasts/images/bbc.png|SEL|http://feeds.bbci.co.uk/russian/rss.xml|<b>BBC</b>|<small>Text</small>
